Starting CAP Project Generator...
Using @sap/cds-dk [10.0.7] from /extbin/globals/bun/global/install/node_modules/@sap/cds-dk
Using @sap/generator-cap-project [2.1.3] from [/extbin/globals/bun/global/install/node_modules/@sap/generator-cap-project]
Using root path [/home/user/projects]

Creating project with application-logging, approuter, connectivity, destination, hana, html5-repo, mta, nodejs, tiny-sample, xsuaa

Adding facet: nodejs
Adding facet: mta
Adding facet: tiny-sample
Adding facet: xsuaa
Adding facet: hana
Adding facet: approuter
Adding facet: connectivity
Adding facet: destination
Adding facet: html5-repo
Adding facet: application-logging

Successfully initialized CAP project
Continue with: code EAM 


Installing dependencies...

added 82 packages, and audited 194 packages in 4s

35 packages are looking for funding
  run `npm fund` for details

6 vulnerabilities (4 high, 2 critical)

To address all issues (including breaking changes), run:
  npm audit fix --force

Run `npm audit` for details.

Finished installing dependencies

Done setting up project EAM
Project is ready to use

